-- Tests for dbblue_partition.  Every scenario here corresponds to a defect
-- of the retired contrib/dbblue_partition C implementation or to a promise
-- in the extension's documentation.  All row dates are fixed so that error
-- messages naming leaf partitions stay stable; "today" tests only check
-- that statements succeed.
CREATE EXTENSION dbblue_partition CASCADE;
NOTICE:  installing required extension "pg_partman"
SET client_min_messages = warning;
SET timezone = 'UTC';
-- Refuses to run until explicitly enabled (off by default)
CALL dbblue_partition_model('anything');
ERROR:  dbblue_partition is disabled
HINT:  Run SET dbblue_partition.enabled = on; to enable it for this session.
CONTEXT:  PL/pgSQL function public.dbblue_partition_enabled_check() line 4 at RAISE
SQL statement "SELECT public.dbblue_partition_enabled_check()"
PL/pgSQL function dbblue_partition_model(text,text,text,text,integer,interval,boolean,boolean,boolean) line 24 at PERFORM
SET dbblue_partition.enabled = on;
-- ---------------------------------------------------------------------
-- Validation: fail early, before touching anything
-- ---------------------------------------------------------------------
CALL dbblue_partition_model('no_such_table');
ERROR:  table public.no_such_table does not exist
CONTEXT:  PL/pgSQL function public.dbblue_partition_convert(name,name,name,text,integer) line 83 at RAISE
SQL statement "SELECT public.dbblue_partition_convert(p_schema::name, v_table,
													 p_control::name, p_interval,
													 p_premake)"
PL/pgSQL function dbblue_partition_model(text,text,text,text,integer,interval,boolean,boolean,boolean) line 40 at PERFORM
CREATE TABLE val_t (id serial PRIMARY KEY, v text, create_date timestamp);
CALL dbblue_partition_model('val_t', 'no_such_column');
ERROR:  column "no_such_column" of table public.val_t does not exist
CONTEXT:  PL/pgSQL function public.dbblue_partition_convert(name,name,name,text,integer) line 142 at RAISE
SQL statement "SELECT public.dbblue_partition_convert(p_schema::name, v_table,
													 p_control::name, p_interval,
													 p_premake)"
PL/pgSQL function dbblue_partition_model(text,text,text,text,integer,interval,boolean,boolean,boolean) line 40 at PERFORM
CALL dbblue_partition_model('val_t', 'v');				-- wrong type
ERROR:  column "v" has type text, but range partitioning needs date, timestamp or timestamptz
CONTEXT:  PL/pgSQL function public.dbblue_partition_convert(name,name,name,text,integer) line 146 at RAISE
SQL statement "SELECT public.dbblue_partition_convert(p_schema::name, v_table,
													 p_control::name, p_interval,
													 p_premake)"
PL/pgSQL function dbblue_partition_model(text,text,text,text,integer,interval,boolean,boolean,boolean) line 40 at PERFORM
INSERT INTO val_t (v, create_date) VALUES ('x', NULL);
CALL dbblue_partition_model('val_t');					-- NULL in control column
ERROR:  column "create_date" contains 1 NULL value(s) and cannot become the partition key
HINT:  Backfill the column first; it will become part of the primary key.
CONTEXT:  PL/pgSQL function public.dbblue_partition_convert(name,name,name,text,integer) line 198 at RAISE
SQL statement "SELECT public.dbblue_partition_convert(p_schema::name, v_table,
													 p_control::name, p_interval,
													 p_premake)"
PL/pgSQL function dbblue_partition_model(text,text,text,text,integer,interval,boolean,boolean,boolean) line 40 at PERFORM
DELETE FROM val_t;
CREATE TABLE val_nopk (create_date timestamp NOT NULL);
CALL dbblue_partition_model('val_nopk');				-- no primary key
ERROR:  table public.val_nopk has no primary key
DETAIL:  dbblue_partition expects an Odoo-style table with a primary key.
CONTEXT:  PL/pgSQL function public.dbblue_partition_convert(name,name,name,text,integer) line 165 at RAISE
SQL statement "SELECT public.dbblue_partition_convert(p_schema::name, v_table,
													 p_control::name, p_interval,
													 p_premake)"
PL/pgSQL function dbblue_partition_model(text,text,text,text,integer,interval,boolean,boolean,boolean) line 40 at PERFORM
CREATE TABLE val_interval (id serial PRIMARY KEY, create_date timestamp NOT NULL);
CALL dbblue_partition_model('val_interval', 'create_date', '-1 month');
ERROR:  partition interval must be positive, not -1 month
CONTEXT:  PL/pgSQL function public.dbblue_partition_convert(name,name,name,text,integer) line 70 at RAISE
SQL statement "SELECT public.dbblue_partition_convert(p_schema::name, v_table,
													 p_control::name, p_interval,
													 p_premake)"
PL/pgSQL function dbblue_partition_model(text,text,text,text,integer,interval,boolean,boolean,boolean) line 40 at PERFORM
-- ---------------------------------------------------------------------
-- The full Odoo-shaped scenario
-- ---------------------------------------------------------------------
CREATE TABLE res_partner (
    id serial PRIMARY KEY,
    name text UNIQUE,
    create_date timestamp DEFAULT now()
);
CREATE TABLE sale_order (
    id serial PRIMARY KEY,
    name text NOT NULL,
    partner_id integer REFERENCES res_partner(id) ON DELETE RESTRICT,
    company_id integer NOT NULL DEFAULT 1,
    amount numeric CHECK (amount >= 0),
    amount_tax numeric GENERATED ALWAYS AS (amount * 0.1) STORED,
    note text,
    create_date timestamp NOT NULL DEFAULT now(),
    CONSTRAINT sale_order_name_uniq UNIQUE (name),
    CONSTRAINT sale_order_id_company_uniq UNIQUE (id, company_id)
);
CREATE INDEX sale_order_partner_idx ON sale_order (partner_id);
CREATE INDEX sale_order_note_idx ON sale_order (note) WHERE note IS NOT NULL;
CREATE TABLE sale_order_line (
    id serial PRIMARY KEY,
    order_id integer REFERENCES sale_order(id) ON DELETE CASCADE,
    company_id integer,
    qty int,
    CONSTRAINT sol_order_company_fk FOREIGN KEY (order_id, company_id)
        REFERENCES sale_order (id, company_id)
);
CREATE VIEW sale_summary AS
    SELECT partner_id, sum(amount) AS total FROM sale_order GROUP BY partner_id;
CREATE VIEW sale_summary_top AS
    SELECT * FROM sale_summary WHERE total > 100;
CREATE FUNCTION touch_note() RETURNS trigger LANGUAGE plpgsql AS
$$ BEGIN NEW.note := coalesce(NEW.note, 'via-trigger'); RETURN NEW; END $$;
CREATE TRIGGER sale_order_touch BEFORE INSERT ON sale_order
    FOR EACH ROW EXECUTE FUNCTION touch_note();
INSERT INTO res_partner (name, create_date)
    SELECT 'partner ' || g, timestamp '2025-01-01' + (g || ' hours')::interval
    FROM generate_series(1, 50) g;
INSERT INTO sale_order (name, partner_id, company_id, amount, create_date)
    SELECT 'SO' || g, (g % 50) + 1, 1, g % 500,
           timestamp '2025-01-01' + (g || ' minutes')::interval
    FROM generate_series(1, 5000) g;
-- an old outlier, leaving a >1 year hole before the 2025 data
INSERT INTO sale_order (name, partner_id, company_id, amount, create_date)
    VALUES ('SO-old', 1, 1, 10, timestamp '2023-06-15 12:00:00');
INSERT INTO sale_order_line (order_id, company_id, qty)
    SELECT g, 1, g % 5 FROM generate_series(1, 5000) g;
CALL dbblue_partition_model('sale.order', 'create_date', '1 month');
WARNING:  primary key of public.sale_order widens from (id) to (id, create_date): "id" is unique per partition only
DETAIL:  A unique index on a partitioned table must include the partition key. Odoo ids come from a sequence, so cross-partition duplicates do not occur in normal operation.
HINT:  Monitoring: SELECT id, count(*) FROM public.sale_order GROUP BY id HAVING count(*) > 1;
WARNING:  unique constraint/index "sale_order_name_uniq" on (name) does not include "create_date": it will be enforced per partition, not globally
DETAIL:  PostgreSQL requires every global unique index on a partitioned table to include the partition key.
WARNING:  unique constraint/index "sale_order_id_company_uniq" on (id, company_id) does not include "create_date": it will be enforced per partition, not globally
DETAIL:  PostgreSQL requires every global unique index on a partitioned table to include the partition key.
WARNING:  created unique index sale_order_fkuq1 on (id, company_id, create_date) to back foreign key sol_order_company_fk from public.sale_order_line; uniqueness of (id, company_id) alone is per partition only
-- now partitioned, all rows retained, nothing stranded
SELECT relkind FROM pg_class WHERE relname = 'sale_order';
 relkind 
---------
 p
(1 row)

SELECT count(*) FROM sale_order;
 count 
-------
  5001
(1 row)

SELECT state, rows_at_conversion, rows_moved, partition_count > 20 AS gapless,
       default_partition_rows, backup_exists, backup_rows_remaining
FROM dbblue_partition_status('sale.order');
  state   | rows_at_conversion | rows_moved | gapless | default_partition_rows | backup_exists | backup_rows_remaining 
----------+--------------------+------------+---------+------------------------+---------------+-----------------------
 complete |               5001 |       5001 | t       |                      0 | t             |                     0
(1 row)

-- writable immediately: today (defect: current month never created) ...
INSERT INTO sale_order (name, partner_id, company_id, amount, create_date)
    VALUES ('SO-today', 2, 1, 42, now());
-- ... and inside the historical gap (defect: coverage holes)
INSERT INTO sale_order (name, partner_id, company_id, amount, create_date)
    VALUES ('SO-gap', 2, 1, 42, timestamp '2024-03-03');
-- CHECK constraints survive (defect: silently dropped)
INSERT INTO sale_order (name, partner_id, company_id, amount, create_date)
    VALUES ('SO-neg', 2, 1, -999, timestamp '2025-01-15');
ERROR:  new row for relation "sale_order_p20250101" violates check constraint "sale_order_amount_check"
DETAIL:  Failing row contains (5004, SO-neg, 2, 1, -999, -99.9, via-trigger, Wed Jan 15 00:00:00 2025).
-- UNIQUE survives, per partition (defect: silently dropped)
INSERT INTO sale_order (name, partner_id, company_id, amount, create_date)
    VALUES ('SO7', 2, 1, 1, timestamp '2025-01-16');
ERROR:  duplicate key value violates unique constraint "sale_order_p20250101_name_idx"
DETAIL:  Key (name)=(SO7) already exists.
-- generated columns still compute (defect: property lost)
SELECT amount_tax FROM sale_order WHERE name = 'SO-gap';
 amount_tax 
------------
        4.2
(1 row)

-- triggers survive (defect: not carried over)
SELECT note FROM sale_order WHERE name = 'SO-gap';
    note     
-------------
 via-trigger
(1 row)

-- secondary indexes survive on the parent (defect: all dropped)
SELECT indexname FROM pg_indexes
WHERE schemaname = 'public' AND tablename = 'sale_order'
ORDER BY indexname;
       indexname        
------------------------
 sale_order_fkuq1
 sale_order_note_idx
 sale_order_partner_idx
 sale_order_pkey
(4 rows)

-- single-column incoming FK still enforced (fixed dates in parent rows)
INSERT INTO sale_order_line (order_id, company_id, qty) VALUES (999999, 1, 1);
ERROR:  insert or update on table "sale_order_line" violates foreign key constraint "sale_order_line_order_id_fkey"
DETAIL:  Key (order_id)=(999999) is not present in table "sale_order".
-- multi-column incoming FK kept composite (defect: decomposed per column)
INSERT INTO sale_order_line (order_id, company_id, qty) VALUES (5, 12345, 1);
ERROR:  insert or update on table "sale_order_line" violates foreign key constraint "sol_order_company_fk"
DETAIL:  Key (order_id, company_id)=(5, 12345) is not present in table "sale_order".
INSERT INTO sale_order_line (order_id, company_id, qty) VALUES (5, 1, 1);
-- outgoing FK still enforced
INSERT INTO sale_order (name, partner_id, company_id, amount, create_date)
    VALUES ('SO-badpartner', 999999, 1, 5, timestamp '2025-01-17');
ERROR:  insert or update on table "sale_order_p20250101" violates foreign key constraint "sale_order_partner_id_fkey"
DETAIL:  Key (partner_id)=(999999) is not present in table "res_partner".
-- ON DELETE CASCADE flows through the re-pointed FK
DELETE FROM sale_order WHERE name = 'SO5';
SELECT count(*) FROM sale_order_line WHERE order_id = 5;
 count 
-------
     0
(1 row)

-- dependent views recreated and functional (recursively)
SELECT count(*) > 0 FROM sale_summary;
 ?column? 
----------
 t
(1 row)

SELECT count(*) >= 0 FROM sale_summary_top;
 ?column? 
----------
 t
(1 row)

-- serial sequence kept and re-owned: ids continue, no restart
INSERT INTO sale_order (name, partner_id, company_id, amount, create_date)
    VALUES ('SO-seq', 3, 1, 5, timestamp '2025-01-18')
    RETURNING id > 5000 AS id_continues;
 id_continues 
--------------
 t
(1 row)

-- Odoo's unconditional DROP NOT NULL on the partition key: WARNING + no-op
ALTER TABLE sale_order ALTER COLUMN create_date DROP NOT NULL;
WARNING:  ignoring DROP NOT NULL on partition key column "create_date" of relation "sale_order"
DETAIL:  A partition key column must remain NOT NULL because it is part of the partitioned table's primary key.
SELECT attnotnull FROM pg_attribute
WHERE attrelid = 'sale_order'::regclass AND attname = 'create_date';
 attnotnull 
------------
 t
(1 row)

-- backup guarded, then dropped
SELECT dbblue_partition_drop_backup('sale.order');
 dbblue_partition_drop_backup 
------------------------------
 
(1 row)

SELECT backup_exists FROM dbblue_partition_status('sale.order');
 backup_exists 
---------------
 f
(1 row)

CALL dbblue_partition_model('sale.order');
ERROR:  table public.sale_order is already partitioned by dbblue_partition
CONTEXT:  PL/pgSQL function dbblue_partition_model(text,text,text,text,integer,interval,boolean,boolean,boolean) line 36 at RAISE
-- ---------------------------------------------------------------------
-- Empty table: zero partitions was an unwritable-table defect
-- ---------------------------------------------------------------------
CREATE TABLE empty_model (id serial PRIMARY KEY, create_date timestamp NOT NULL DEFAULT now());
CALL dbblue_partition_model('empty_model');
WARNING:  primary key of public.empty_model widens from (id) to (id, create_date): "id" is unique per partition only
DETAIL:  A unique index on a partitioned table must include the partition key. Odoo ids come from a sequence, so cross-partition duplicates do not occur in normal operation.
HINT:  Monitoring: SELECT id, count(*) FROM public.empty_model GROUP BY id HAVING count(*) > 1;
INSERT INTO empty_model (create_date) VALUES (now());
INSERT INTO empty_model (create_date) VALUES (timestamp '1999-01-01');
SELECT count(*) FROM empty_model;
 count 
-------
     2
(1 row)

SELECT default_partition_rows FROM dbblue_partition_status('empty_model');
 default_partition_rows 
------------------------
                      1
(1 row)

-- ---------------------------------------------------------------------
-- Mixed-case, space-bearing identifiers and identity columns
-- (defect: %s interpolation broke quoted identifiers, invited injection,
--  and sequence handling assumed <table>_id_seq)
-- ---------------------------------------------------------------------
CREATE TABLE "Part Case" ("Id" int GENERATED ALWAYS AS IDENTITY PRIMARY KEY,
                          "When Created" timestamptz NOT NULL);
INSERT INTO "Part Case" ("When Created")
    SELECT timestamptz '2025-02-01' + (g || ' days')::interval
    FROM generate_series(1, 100) g;
CALL dbblue_partition_model('Part Case', 'When Created', '1 month');
WARNING:  primary key of public."Part Case" widens from (Id) to (Id, When Created): "Id" is unique per partition only
DETAIL:  A unique index on a partitioned table must include the partition key. Odoo ids come from a sequence, so cross-partition duplicates do not occur in normal operation.
HINT:  Monitoring: SELECT Id, count(*) FROM public."Part Case" GROUP BY Id HAVING count(*) > 1;
SELECT count(*) FROM "Part Case";
 count 
-------
   100
(1 row)

INSERT INTO "Part Case" ("When Created") VALUES (now());
SELECT max("Id") = 101 AS identity_continued FROM "Part Case";
 identity_continued 
--------------------
 t
(1 row)

-- ---------------------------------------------------------------------
-- Undo restores the original table wholesale
-- ---------------------------------------------------------------------
CREATE TABLE undo_me (id serial PRIMARY KEY, v text UNIQUE, create_date timestamp NOT NULL);
CREATE TABLE undo_child (id serial PRIMARY KEY,
                         undo_id int REFERENCES undo_me(id) ON DELETE CASCADE);
CREATE VIEW undo_view AS SELECT count(*) AS n FROM undo_me;
INSERT INTO undo_me (v, create_date)
    SELECT 'v' || g, timestamp '2025-03-01' + (g || ' hours')::interval
    FROM generate_series(1, 1000) g;
INSERT INTO undo_child (undo_id) SELECT g FROM generate_series(1, 1000) g;
CALL dbblue_partition_model('undo_me', 'create_date', '1 month');
WARNING:  primary key of public.undo_me widens from (id) to (id, create_date): "id" is unique per partition only
DETAIL:  A unique index on a partitioned table must include the partition key. Odoo ids come from a sequence, so cross-partition duplicates do not occur in normal operation.
HINT:  Monitoring: SELECT id, count(*) FROM public.undo_me GROUP BY id HAVING count(*) > 1;
WARNING:  unique constraint/index "undo_me_v_key" on (v) does not include "create_date": it will be enforced per partition, not globally
DETAIL:  PostgreSQL requires every global unique index on a partitioned table to include the partition key.
SELECT relkind FROM pg_class WHERE relname = 'undo_me';
 relkind 
---------
 p
(1 row)

CALL dbblue_partition_undo('undo_me');
SELECT relkind FROM pg_class WHERE relname = 'undo_me';
 relkind 
---------
 r
(1 row)

SELECT count(*) FROM undo_me;
 count 
-------
  1000
(1 row)

SELECT n FROM undo_view;
  n   
------
 1000
(1 row)

INSERT INTO undo_child (undo_id) VALUES (999999);		-- FK enforced again
ERROR:  insert or update on table "undo_child" violates foreign key constraint "undo_child_undo_id_fkey"
DETAIL:  Key (undo_id)=(999999) is not present in table "undo_me".
INSERT INTO undo_me (v, create_date) VALUES ('v5', timestamp '2025-04-01');	-- global unique again
ERROR:  duplicate key value violates unique constraint "undo_me_v_key"
DETAIL:  Key (v)=(v5) already exists.
SELECT count(*) FROM dbblue_partition_status('undo_me');
 count 
-------
     0
(1 row)

SELECT count(*) FROM part_config WHERE parent_table = 'public.undo_me';
 count 
-------
     0
(1 row)

SELECT indexname FROM pg_indexes WHERE tablename = 'undo_me' ORDER BY indexname;
   indexname   
---------------
 undo_me_pkey
 undo_me_v_key
(2 rows)

-- ---------------------------------------------------------------------
-- Single-transaction mode is atomic: a ROLLBACK undoes the conversion
-- ---------------------------------------------------------------------
CREATE TABLE atomic_t (id serial PRIMARY KEY, create_date timestamp NOT NULL);
INSERT INTO atomic_t (create_date)
    SELECT timestamp '2025-05-01' + g * interval '1 hour' FROM generate_series(1, 500) g;
BEGIN;
CALL dbblue_partition_model('atomic_t', p_single_transaction => true);
WARNING:  primary key of public.atomic_t widens from (id) to (id, create_date): "id" is unique per partition only
DETAIL:  A unique index on a partitioned table must include the partition key. Odoo ids come from a sequence, so cross-partition duplicates do not occur in normal operation.
HINT:  Monitoring: SELECT id, count(*) FROM public.atomic_t GROUP BY id HAVING count(*) > 1;
ROLLBACK;
SELECT relkind FROM pg_class WHERE relname = 'atomic_t';
 relkind 
---------
 r
(1 row)

SELECT count(*) FROM atomic_t;
 count 
-------
   500
(1 row)

BEGIN;
CALL dbblue_partition_model('atomic_t', p_single_transaction => true);
WARNING:  primary key of public.atomic_t widens from (id) to (id, create_date): "id" is unique per partition only
DETAIL:  A unique index on a partitioned table must include the partition key. Odoo ids come from a sequence, so cross-partition duplicates do not occur in normal operation.
HINT:  Monitoring: SELECT id, count(*) FROM public.atomic_t GROUP BY id HAVING count(*) > 1;
COMMIT;
SELECT relkind FROM pg_class WHERE relname = 'atomic_t';
 relkind 
---------
 p
(1 row)

SELECT count(*) FROM atomic_t;
 count 
-------
   500
(1 row)

-- ---------------------------------------------------------------------
-- Odoo compatibility view: a role whose search_path lists pg_catalog
-- explicitly (after dbblue_compat) sees relkind 'r' for tables
-- partitioned by create_date, while the real catalog stays truthful.
-- This is what lets an unmodified Odoo run module updates against a
-- partitioned model table.
-- ---------------------------------------------------------------------
SELECT dbblue_partition_odoo_compat();
 dbblue_partition_odoo_compat 
------------------------------
 
(1 row)

SET search_path = "$user", public, dbblue_compat, pg_catalog;
-- Odoo's view of the world: partitioned-by-create_date looks regular
SELECT relkind::text FROM pg_class WHERE relname = 'atomic_t';
 relkind 
---------
 r
(1 row)

-- the truth is unchanged
SELECT relkind::text FROM pg_catalog.pg_class WHERE relname = 'atomic_t';
 relkind 
---------
 p
(1 row)

-- a table partitioned by anything else is NOT masked
CREATE TABLE other_part (id int, d timestamp NOT NULL, PRIMARY KEY (id, d))
    PARTITION BY RANGE (d);
SELECT relkind::text FROM pg_class WHERE relname = 'other_part';
 relkind 
---------
 p
(1 row)

-- the planner still sees the real partitioned table through the view path
SELECT count(*) FROM atomic_t;
 count 
-------
   500
(1 row)

RESET search_path;
SELECT dbblue_partition_odoo_compat_remove();
 dbblue_partition_odoo_compat_remove 
-------------------------------------
 
(1 row)

SELECT count(*) FROM pg_namespace WHERE nspname = 'dbblue_compat';
 count 
-------
     0
(1 row)

